
> portfolio-site@0.0.0 build
> tsc -b && vite build

[36mvite v6.3.5 [32mbuilding for production...[36m[39m
transforming...
[32mΓ£ô[39m 3 modules transformed.
node.exe : [31mΓ£ù[39m 
Build failed in 421ms
At line:1 char:1
+ & "C:\nvm4w\nodejs/node
.exe" "C:\nvm4w\nodejs/no
de_modules/npm/bin/np ...
+ ~~~~~~~~~~~~~~~~~~~~~~~
~~~~~~~~~~~~~~~~~~~~~~~~~
~~~~~~~~~~~~~~~~~~~~~
    + CategoryInfo       
       : NotSpecified:   
  ([31mΓ£ù[39m Build   
  failed in 421ms:Str    
ing) [], RemoteExcep    
tion
    + FullyQualifiedErro 
   rId : NativeCommandE  
  rror
 
[31merror during build:
[31m[vite:css] 
[postcss] It looks like 
you're trying to use 
`tailwindcss` directly 
as a PostCSS plugin. The 
PostCSS plugin has moved 
to a separate package, 
so to continue using 
Tailwind CSS with 
PostCSS you'll need to 
install 
`@tailwindcss/postcss` 
and update your PostCSS 
configuration.[31m
file: [36mC:/Users/joshc
/OneDrive/Documents/Codin
g Projects/Portfolio/Port
folio Site/portfolio-site
/src/index.css:undefined:
NaN[31m
    at at (C:\Users\joshc
\OneDrive\Documents\Codin
g Projects\Portfolio\Port
folio Site\portfolio-site
\node_modules\tailwindcss
\dist\lib.js:38:1643)
    at 
LazyResult.runOnRoot (C:\
Users\joshc\OneDrive\Docu
ments\Coding Projects\Por
tfolio\Portfolio Site\por
tfolio-site\node_modules\
postcss\lib\lazy-result.j
s:361:16)
    at 
LazyResult.runAsync (C:\U
sers\joshc\OneDrive\Docum
ents\Coding Projects\Port
folio\Portfolio Site\port
folio-site\node_modules\p
ostcss\lib\lazy-result.js
:290:26)
    at async runPostCSS (
file:///C:/Users/joshc/On
eDrive/Documents/Coding%2
0Projects/Portfolio/Portf
olio%20Site/portfolio-sit
e/node_modules/vite/dist/
node/chunks/dep-DBxKXgDP.
js:43824:21)
    at async 
compilePostCSS (file:///C
:/Users/joshc/OneDrive/Do
cuments/Coding%20Projects
/Portfolio/Portfolio%20Si
te/portfolio-site/node_mo
dules/vite/dist/node/chun
ks/dep-DBxKXgDP.js:43794:
18)
    at async compileCSS (
file:///C:/Users/joshc/On
eDrive/Documents/Coding%2
0Projects/Portfolio/Portf
olio%20Site/portfolio-sit
e/node_modules/vite/dist/
node/chunks/dep-DBxKXgDP.
js:43649:27)
    at async 
Object.handler (file:///C
:/Users/joshc/OneDrive/Do
cuments/Coding%20Projects
/Portfolio/Portfolio%20Si
te/portfolio-site/node_mo
dules/vite/dist/node/chun
ks/dep-DBxKXgDP.js:42965:
11)
    at async transform (f
ile:///C:/Users/joshc/One
Drive/Documents/Coding%20
Projects/Portfolio/Portfo
lio%20Site/portfolio-site
/node_modules/rollup/dist
/es/shared/node-entry.js:
21001:16)
    at async ModuleLoader
.addModuleSource (file://
/C:/Users/joshc/OneDrive/
Documents/Coding%20Projec
ts/Portfolio/Portfolio%20
Site/portfolio-site/node_
modules/rollup/dist/es/sh
ared/node-entry.js:21214:
36)[39m
